Registering test user: testuser_1770221322642@example.com...
Logging in...
Login successful, token retrieved.
Attempting to create course with quiz...
Course created, ID: 6fdaadcf-3e7b-4f80-b02b-744284e89a73
Seeding lessons including a quiz...
node.exe : Error 
status: 500
At line:1 char:1
+ & "C:\nvm4w\nodejs/
node.exe" "C:\nvm4w\n
odejs/node_modules/np
m/bin/np ...
+ ~~~~~~~~~~~~~~~~~~~
~~~~~~~~~~~~~~~~~~~~~
~~~~~~~~~~~~~~~~~~~~~
~~~~~~~~
    + CategoryInfo   
           : NotSpe  
  cified: (Error s   
 tatus: 500:Strin    
g) [], RemoteExc    
eption
    + FullyQualified 
   ErrorId : Native  
  CommandError
 
Error data: {
  "message": "column 
\"options\" of 
relation 
\"quiz_questions\" 
does not exist"
}
